[AUTO-DATA] total=3033 complete=2954 dropped=79
[AUTO-CV] cfg=(32, 0.0, 0.0003, 'huber', 123) fold=1/5 train=2701 heldout=253
[AUTO-CV] cfg=(32, 0.0, 0.0003, 'huber', 123) fold=2/5 train=2343 heldout=611
[AUTO-CV] cfg=(32, 0.0, 0.0003, 'huber', 123) fold=3/5 train=2152 heldout=802
[AUTO-CV] cfg=(32, 0.0, 0.0003, 'huber', 123) fold=4/5 train=2173 heldout=781
[AUTO-CV] cfg=(32, 0.0, 0.0003, 'huber', 123) fold=5/5 train=2447 heldout=507
[AUTO-CV] cfg=(32, 0.0, 0.0003, 'huber', 456) fold=1/5 train=2701 heldout=253
[AUTO-CV] cfg=(32, 0.0, 0.0003, 'huber', 456) fold=2/5 train=2343 heldout=611
[AUTO-CV] cfg=(32, 0.0, 0.0003, 'huber', 456) fold=3/5 train=2152 heldout=802
[AUTO-CV] cfg=(32, 0.0, 0.0003, 'huber', 456) fold=4/5 train=2173 heldout=781
[AUTO-CV] cfg=(32, 0.0, 0.0003, 'huber', 456) fold=5/5 train=2447 heldout=507
[AUTO-CV] cfg=(32, 0.0, 0.0003, 'huber', 789) fold=1/5 train=2701 heldout=253
[AUTO-CV] cfg=(32, 0.0, 0.0003, 'huber', 789) fold=2/5 train=2343 heldout=611
[AUTO-CV] cfg=(32, 0.0, 0.0003, 'huber', 789) fold=3/5 train=2152 heldout=802
[AUTO-CV] cfg=(32, 0.0, 0.0003, 'huber', 789) fold=4/5 train=2173 heldout=781
[AUTO-CV] cfg=(32, 0.0, 0.0003, 'huber', 789) fold=5/5 train=2447 heldout=507
[AUTO-CV] cfg=(32, 0.0, 0.0003, 'mse', 123) fold=1/5 train=2701 heldout=253
[AUTO-CV] cfg=(32, 0.0, 0.0003, 'mse', 123) fold=2/5 train=2343 heldout=611
[AUTO-CV] cfg=(32, 0.0, 0.0003, 'mse', 123) fold=3/5 train=2152 heldout=802
[AUTO-CV] cfg=(32, 0.0, 0.0003, 'mse', 123) fold=4/5 train=2173 heldout=781
[AUTO-CV] cfg=(32, 0.0, 0.0003, 'mse', 123) fold=5/5 train=2447 heldout=507
[AUTO-CV] cfg=(32, 0.0, 0.0003, 'mse', 456) fold=1/5 train=2701 heldout=253
[AUTO-CV] cfg=(32, 0.0, 0.0003, 'mse', 456) fold=2/5 train=2343 heldout=611
[AUTO-CV] cfg=(32, 0.0, 0.0003, 'mse', 456) fold=3/5 train=2152 heldout=802
[AUTO-CV] cfg=(32, 0.0, 0.0003, 'mse', 456) fold=4/5 train=2173 heldout=781
[AUTO-CV] cfg=(32, 0.0, 0.0003, 'mse', 456) fold=5/5 train=2447 heldout=507
[AUTO-CV] cfg=(32, 0.0, 0.0003, 'mse', 789) fold=1/5 train=2701 heldout=253
[AUTO-CV] cfg=(32, 0.0, 0.0003, 'mse', 789) fold=2/5 train=2343 heldout=611
[AUTO-CV] cfg=(32, 0.0, 0.0003, 'mse', 789) fold=3/5 train=2152 heldout=802
[AUTO-CV] cfg=(32, 0.0, 0.0003, 'mse', 789) fold=4/5 train=2173 heldout=781
[AUTO-CV] cfg=(32, 0.0, 0.0003, 'mse', 789) fold=5/5 train=2447 heldout=507
[AUTO-CV] cfg=(32, 0.0, 0.001, 'huber', 123) fold=1/5 train=2701 heldout=253
[AUTO-CV] cfg=(32, 0.0, 0.001, 'huber', 123) fold=2/5 train=2343 heldout=611
[AUTO-CV] cfg=(32, 0.0, 0.001, 'huber', 123) fold=3/5 train=2152 heldout=802
[AUTO-CV] cfg=(32, 0.0, 0.001, 'huber', 123) fold=4/5 train=2173 heldout=781
[AUTO-CV] cfg=(32, 0.0, 0.001, 'huber', 123) fold=5/5 train=2447 heldout=507
[AUTO-CV] cfg=(32, 0.0, 0.001, 'huber', 456) fold=1/5 train=2701 heldout=253
[AUTO-CV] cfg=(32, 0.0, 0.001, 'huber', 456) fold=2/5 train=2343 heldout=611
[AUTO-CV] cfg=(32, 0.0, 0.001, 'huber', 456) fold=3/5 train=2152 heldout=802
[AUTO-CV] cfg=(32, 0.0, 0.001, 'huber', 456) fold=4/5 train=2173 heldout=781
[AUTO-CV] cfg=(32, 0.0, 0.001, 'huber', 456) fold=5/5 train=2447 heldout=507
[AUTO-CV] cfg=(32, 0.0, 0.001, 'huber', 789) fold=1/5 train=2701 heldout=253
[AUTO-CV] cfg=(32, 0.0, 0.001, 'huber', 789) fold=2/5 train=2343 heldout=611
[AUTO-CV] cfg=(32, 0.0, 0.001, 'huber', 789) fold=3/5 train=2152 heldout=802
[AUTO-CV] cfg=(32, 0.0, 0.001, 'huber', 789) fold=4/5 train=2173 heldout=781
[AUTO-CV] cfg=(32, 0.0, 0.001, 'huber', 789) fold=5/5 train=2447 heldout=507
[AUTO-CV] cfg=(32, 0.0, 0.001, 'mse', 123) fold=1/5 train=2701 heldout=253
[AUTO-CV] cfg=(32, 0.0, 0.001, 'mse', 123) fold=2/5 train=2343 heldout=611
[AUTO-CV] cfg=(32, 0.0, 0.001, 'mse', 123) fold=3/5 train=2152 heldout=802
[AUTO-CV] cfg=(32, 0.0, 0.001, 'mse', 123) fold=4/5 train=2173 heldout=781
[AUTO-CV] cfg=(32, 0.0, 0.001, 'mse', 123) fold=5/5 train=2447 heldout=507
[AUTO-CV] cfg=(32, 0.0, 0.001, 'mse', 456) fold=1/5 train=2701 heldout=253
[AUTO-CV] cfg=(32, 0.0, 0.001, 'mse', 456) fold=2/5 train=2343 heldout=611
[AUTO-CV] cfg=(32, 0.0, 0.001, 'mse', 456) fold=3/5 train=2152 heldout=802
[AUTO-CV] cfg=(32, 0.0, 0.001, 'mse', 456) fold=4/5 train=2173 heldout=781
[AUTO-CV] cfg=(32, 0.0, 0.001, 'mse', 456) fold=5/5 train=2447 heldout=507
[AUTO-CV] cfg=(32, 0.0, 0.001, 'mse', 789) fold=1/5 train=2701 heldout=253
[AUTO-CV] cfg=(32, 0.0, 0.001, 'mse', 789) fold=2/5 train=2343 heldout=611
[AUTO-CV] cfg=(32, 0.0, 0.001, 'mse', 789) fold=3/5 train=2152 heldout=802
[AUTO-CV] cfg=(32, 0.0, 0.001, 'mse', 789) fold=4/5 train=2173 heldout=781
[AUTO-CV] cfg=(32, 0.0, 0.001, 'mse', 789) fold=5/5 train=2447 heldout=507
[AUTO-CV] cfg=(32, 0.1, 0.0003, 'huber', 123) fold=1/5 train=2701 heldout=253
[AUTO-CV] cfg=(32, 0.1, 0.0003, 'huber', 123) fold=2/5 train=2343 heldout=611
[AUTO-CV] cfg=(32, 0.1, 0.0003, 'huber', 123) fold=3/5 train=2152 heldout=802
[AUTO-CV] cfg=(32, 0.1, 0.0003, 'huber', 123) fold=4/5 train=2173 heldout=781
[AUTO-CV] cfg=(32, 0.1, 0.0003, 'huber', 123) fold=5/5 train=2447 heldout=507
[AUTO-CV] cfg=(32, 0.1, 0.0003, 'huber', 456) fold=1/5 train=2701 heldout=253
[AUTO-CV] cfg=(32, 0.1, 0.0003, 'huber', 456) fold=2/5 train=2343 heldout=611
[AUTO-CV] cfg=(32, 0.1, 0.0003, 'huber', 456) fold=3/5 train=2152 heldout=802
[AUTO-CV] cfg=(32, 0.1, 0.0003, 'huber', 456) fold=4/5 train=2173 heldout=781
[AUTO-CV] cfg=(32, 0.1, 0.0003, 'huber', 456) fold=5/5 train=2447 heldout=507
[AUTO-CV] cfg=(32, 0.1, 0.0003, 'huber', 789) fold=1/5 train=2701 heldout=253
[AUTO-CV] cfg=(32, 0.1, 0.0003, 'huber', 789) fold=2/5 train=2343 heldout=611
[AUTO-CV] cfg=(32, 0.1, 0.0003, 'huber', 789) fold=3/5 train=2152 heldout=802
[AUTO-CV] cfg=(32, 0.1, 0.0003, 'huber', 789) fold=4/5 train=2173 heldout=781
[AUTO-CV] cfg=(32, 0.1, 0.0003, 'huber', 789) fold=5/5 train=2447 heldout=507
[AUTO-CV] cfg=(32, 0.1, 0.0003, 'mse', 123) fold=1/5 train=2701 heldout=253
[AUTO-CV] cfg=(32, 0.1, 0.0003, 'mse', 123) fold=2/5 train=2343 heldout=611
[AUTO-CV] cfg=(32, 0.1, 0.0003, 'mse', 123) fold=3/5 train=2152 heldout=802
[AUTO-CV] cfg=(32, 0.1, 0.0003, 'mse', 123) fold=4/5 train=2173 heldout=781
[AUTO-CV] cfg=(32, 0.1, 0.0003, 'mse', 123) fold=5/5 train=2447 heldout=507
[AUTO-CV] cfg=(32, 0.1, 0.0003, 'mse', 456) fold=1/5 train=2701 heldout=253
[AUTO-CV] cfg=(32, 0.1, 0.0003, 'mse', 456) fold=2/5 train=2343 heldout=611
[AUTO-CV] cfg=(32, 0.1, 0.0003, 'mse', 456) fold=3/5 train=2152 heldout=802
[AUTO-CV] cfg=(32, 0.1, 0.0003, 'mse', 456) fold=4/5 train=2173 heldout=781
[AUTO-CV] cfg=(32, 0.1, 0.0003, 'mse', 456) fold=5/5 train=2447 heldout=507
[AUTO-CV] cfg=(32, 0.1, 0.0003, 'mse', 789) fold=1/5 train=2701 heldout=253
[AUTO-CV] cfg=(32, 0.1, 0.0003, 'mse', 789) fold=2/5 train=2343 heldout=611
[AUTO-CV] cfg=(32, 0.1, 0.0003, 'mse', 789) fold=3/5 train=2152 heldout=802
[AUTO-CV] cfg=(32, 0.1, 0.0003, 'mse', 789) fold=4/5 train=2173 heldout=781
[AUTO-CV] cfg=(32, 0.1, 0.0003, 'mse', 789) fold=5/5 train=2447 heldout=507
[AUTO-CV] cfg=(32, 0.1, 0.001, 'huber', 123) fold=1/5 train=2701 heldout=253
[AUTO-CV] cfg=(32, 0.1, 0.001, 'huber', 123) fold=2/5 train=2343 heldout=611
[AUTO-CV] cfg=(32, 0.1, 0.001, 'huber', 123) fold=3/5 train=2152 heldout=802
[AUTO-CV] cfg=(32, 0.1, 0.001, 'huber', 123) fold=4/5 train=2173 heldout=781
[AUTO-CV] cfg=(32, 0.1, 0.001, 'huber', 123) fold=5/5 train=2447 heldout=507
[AUTO-CV] cfg=(32, 0.1, 0.001, 'huber', 456) fold=1/5 train=2701 heldout=253
[AUTO-CV] cfg=(32, 0.1, 0.001, 'huber', 456) fold=2/5 train=2343 heldout=611
[AUTO-CV] cfg=(32, 0.1, 0.001, 'huber', 456) fold=3/5 train=2152 heldout=802
[AUTO-CV] cfg=(32, 0.1, 0.001, 'huber', 456) fold=4/5 train=2173 heldout=781
[AUTO-CV] cfg=(32, 0.1, 0.001, 'huber', 456) fold=5/5 train=2447 heldout=507
[AUTO-CV] cfg=(32, 0.1, 0.001, 'huber', 789) fold=1/5 train=2701 heldout=253
[AUTO-CV] cfg=(32, 0.1, 0.001, 'huber', 789) fold=2/5 train=2343 heldout=611
[AUTO-CV] cfg=(32, 0.1, 0.001, 'huber', 789) fold=3/5 train=2152 heldout=802
[AUTO-CV] cfg=(32, 0.1, 0.001, 'huber', 789) fold=4/5 train=2173 heldout=781
[AUTO-CV] cfg=(32, 0.1, 0.001, 'huber', 789) fold=5/5 train=2447 heldout=507
[AUTO-CV] cfg=(32, 0.1, 0.001, 'mse', 123) fold=1/5 train=2701 heldout=253
[AUTO-CV] cfg=(32, 0.1, 0.001, 'mse', 123) fold=2/5 train=2343 heldout=611
[AUTO-CV] cfg=(32, 0.1, 0.001, 'mse', 123) fold=3/5 train=2152 heldout=802
[AUTO-CV] cfg=(32, 0.1, 0.001, 'mse', 123) fold=4/5 train=2173 heldout=781
[AUTO-CV] cfg=(32, 0.1, 0.001, 'mse', 123) fold=5/5 train=2447 heldout=507
[AUTO-CV] cfg=(32, 0.1, 0.001, 'mse', 456) fold=1/5 train=2701 heldout=253
[AUTO-CV] cfg=(32, 0.1, 0.001, 'mse', 456) fold=2/5 train=2343 heldout=611
[AUTO-CV] cfg=(32, 0.1, 0.001, 'mse', 456) fold=3/5 train=2152 heldout=802
[AUTO-CV] cfg=(32, 0.1, 0.001, 'mse', 456) fold=4/5 train=2173 heldout=781
[AUTO-CV] cfg=(32, 0.1, 0.001, 'mse', 456) fold=5/5 train=2447 heldout=507
[AUTO-CV] cfg=(32, 0.1, 0.001, 'mse', 789) fold=1/5 train=2701 heldout=253
[AUTO-CV] cfg=(32, 0.1, 0.001, 'mse', 789) fold=2/5 train=2343 heldout=611
[AUTO-CV] cfg=(32, 0.1, 0.001, 'mse', 789) fold=3/5 train=2152 heldout=802
[AUTO-CV] cfg=(32, 0.1, 0.001, 'mse', 789) fold=4/5 train=2173 heldout=781
[AUTO-CV] cfg=(32, 0.1, 0.001, 'mse', 789) fold=5/5 train=2447 heldout=507
[AUTO-CV] cfg=(64, 0.0, 0.0003, 'huber', 123) fold=1/5 train=2701 heldout=253
[AUTO-CV] cfg=(64, 0.0, 0.0003, 'huber', 123) fold=2/5 train=2343 heldout=611
[AUTO-CV] cfg=(64, 0.0, 0.0003, 'huber', 123) fold=3/5 train=2152 heldout=802
[AUTO-CV] cfg=(64, 0.0, 0.0003, 'huber', 123) fold=4/5 train=2173 heldout=781
[AUTO-CV] cfg=(64, 0.0, 0.0003, 'huber', 123) fold=5/5 train=2447 heldout=507
[AUTO-CV] cfg=(64, 0.0, 0.0003, 'huber', 456) fold=1/5 train=2701 heldout=253
[AUTO-CV] cfg=(64, 0.0, 0.0003, 'huber', 456) fold=2/5 train=2343 heldout=611
[AUTO-CV] cfg=(64, 0.0, 0.0003, 'huber', 456) fold=3/5 train=2152 heldout=802
[AUTO-CV] cfg=(64, 0.0, 0.0003, 'huber', 456) fold=4/5 train=2173 heldout=781
[AUTO-CV] cfg=(64, 0.0, 0.0003, 'huber', 456) fold=5/5 train=2447 heldout=507
[AUTO-CV] cfg=(64, 0.0, 0.0003, 'huber', 789) fold=1/5 train=2701 heldout=253
[AUTO-CV] cfg=(64, 0.0, 0.0003, 'huber', 789) fold=2/5 train=2343 heldout=611
[AUTO-CV] cfg=(64, 0.0, 0.0003, 'huber', 789) fold=3/5 train=2152 heldout=802
[AUTO-CV] cfg=(64, 0.0, 0.0003, 'huber', 789) fold=4/5 train=2173 heldout=781
[AUTO-CV] cfg=(64, 0.0, 0.0003, 'huber', 789) fold=5/5 train=2447 heldout=507
[AUTO-CV] cfg=(64, 0.0, 0.0003, 'mse', 123) fold=1/5 train=2701 heldout=253
[AUTO-CV] cfg=(64, 0.0, 0.0003, 'mse', 123) fold=2/5 train=2343 heldout=611
[AUTO-CV] cfg=(64, 0.0, 0.0003, 'mse', 123) fold=3/5 train=2152 heldout=802
[AUTO-CV] cfg=(64, 0.0, 0.0003, 'mse', 123) fold=4/5 train=2173 heldout=781
[AUTO-CV] cfg=(64, 0.0, 0.0003, 'mse', 123) fold=5/5 train=2447 heldout=507
[AUTO-CV] cfg=(64, 0.0, 0.0003, 'mse', 456) fold=1/5 train=2701 heldout=253
[AUTO-CV] cfg=(64, 0.0, 0.0003, 'mse', 456) fold=2/5 train=2343 heldout=611
[AUTO-CV] cfg=(64, 0.0, 0.0003, 'mse', 456) fold=3/5 train=2152 heldout=802
[AUTO-CV] cfg=(64, 0.0, 0.0003, 'mse', 456) fold=4/5 train=2173 heldout=781
[AUTO-CV] cfg=(64, 0.0, 0.0003, 'mse', 456) fold=5/5 train=2447 heldout=507
[AUTO-CV] cfg=(64, 0.0, 0.0003, 'mse', 789) fold=1/5 train=2701 heldout=253
[AUTO-CV] cfg=(64, 0.0, 0.0003, 'mse', 789) fold=2/5 train=2343 heldout=611
[AUTO-CV] cfg=(64, 0.0, 0.0003, 'mse', 789) fold=3/5 train=2152 heldout=802
[AUTO-CV] cfg=(64, 0.0, 0.0003, 'mse', 789) fold=4/5 train=2173 heldout=781
[AUTO-CV] cfg=(64, 0.0, 0.0003, 'mse', 789) fold=5/5 train=2447 heldout=507
[AUTO-CV] cfg=(64, 0.0, 0.001, 'huber', 123) fold=1/5 train=2701 heldout=253
[AUTO-CV] cfg=(64, 0.0, 0.001, 'huber', 123) fold=2/5 train=2343 heldout=611
[AUTO-CV] cfg=(64, 0.0, 0.001, 'huber', 123) fold=3/5 train=2152 heldout=802
[AUTO-CV] cfg=(64, 0.0, 0.001, 'huber', 123) fold=4/5 train=2173 heldout=781
[AUTO-CV] cfg=(64, 0.0, 0.001, 'huber', 123) fold=5/5 train=2447 heldout=507
[AUTO-CV] cfg=(64, 0.0, 0.001, 'huber', 456) fold=1/5 train=2701 heldout=253
[AUTO-CV] cfg=(64, 0.0, 0.001, 'huber', 456) fold=2/5 train=2343 heldout=611
[AUTO-CV] cfg=(64, 0.0, 0.001, 'huber', 456) fold=3/5 train=2152 heldout=802
[AUTO-CV] cfg=(64, 0.0, 0.001, 'huber', 456) fold=4/5 train=2173 heldout=781
[AUTO-CV] cfg=(64, 0.0, 0.001, 'huber', 456) fold=5/5 train=2447 heldout=507
[AUTO-CV] cfg=(64, 0.0, 0.001, 'huber', 789) fold=1/5 train=2701 heldout=253
[AUTO-CV] cfg=(64, 0.0, 0.001, 'huber', 789) fold=2/5 train=2343 heldout=611
[AUTO-CV] cfg=(64, 0.0, 0.001, 'huber', 789) fold=3/5 train=2152 heldout=802
[AUTO-CV] cfg=(64, 0.0, 0.001, 'huber', 789) fold=4/5 train=2173 heldout=781
[AUTO-CV] cfg=(64, 0.0, 0.001, 'huber', 789) fold=5/5 train=2447 heldout=507
[AUTO-CV] cfg=(64, 0.0, 0.001, 'mse', 123) fold=1/5 train=2701 heldout=253
[AUTO-CV] cfg=(64, 0.0, 0.001, 'mse', 123) fold=2/5 train=2343 heldout=611
[AUTO-CV] cfg=(64, 0.0, 0.001, 'mse', 123) fold=3/5 train=2152 heldout=802
[AUTO-CV] cfg=(64, 0.0, 0.001, 'mse', 123) fold=4/5 train=2173 heldout=781
[AUTO-CV] cfg=(64, 0.0, 0.001, 'mse', 123) fold=5/5 train=2447 heldout=507
[AUTO-CV] cfg=(64, 0.0, 0.001, 'mse', 456) fold=1/5 train=2701 heldout=253
[AUTO-CV] cfg=(64, 0.0, 0.001, 'mse', 456) fold=2/5 train=2343 heldout=611
[AUTO-CV] cfg=(64, 0.0, 0.001, 'mse', 456) fold=3/5 train=2152 heldout=802
[AUTO-CV] cfg=(64, 0.0, 0.001, 'mse', 456) fold=4/5 train=2173 heldout=781
[AUTO-CV] cfg=(64, 0.0, 0.001, 'mse', 456) fold=5/5 train=2447 heldout=507
[AUTO-CV] cfg=(64, 0.0, 0.001, 'mse', 789) fold=1/5 train=2701 heldout=253
[AUTO-CV] cfg=(64, 0.0, 0.001, 'mse', 789) fold=2/5 train=2343 heldout=611
[AUTO-CV] cfg=(64, 0.0, 0.001, 'mse', 789) fold=3/5 train=2152 heldout=802
[AUTO-CV] cfg=(64, 0.0, 0.001, 'mse', 789) fold=4/5 train=2173 heldout=781
[AUTO-CV] cfg=(64, 0.0, 0.001, 'mse', 789) fold=5/5 train=2447 heldout=507
[AUTO-CV] cfg=(64, 0.1, 0.0003, 'huber', 123) fold=1/5 train=2701 heldout=253
[AUTO-CV] cfg=(64, 0.1, 0.0003, 'huber', 123) fold=2/5 train=2343 heldout=611
[AUTO-CV] cfg=(64, 0.1, 0.0003, 'huber', 123) fold=3/5 train=2152 heldout=802
[AUTO-CV] cfg=(64, 0.1, 0.0003, 'huber', 123) fold=4/5 train=2173 heldout=781
[AUTO-CV] cfg=(64, 0.1, 0.0003, 'huber', 123) fold=5/5 train=2447 heldout=507
[AUTO-CV] cfg=(64, 0.1, 0.0003, 'huber', 456) fold=1/5 train=2701 heldout=253
[AUTO-CV] cfg=(64, 0.1, 0.0003, 'huber', 456) fold=2/5 train=2343 heldout=611
[AUTO-CV] cfg=(64, 0.1, 0.0003, 'huber', 456) fold=3/5 train=2152 heldout=802
[AUTO-CV] cfg=(64, 0.1, 0.0003, 'huber', 456) fold=4/5 train=2173 heldout=781
[AUTO-CV] cfg=(64, 0.1, 0.0003, 'huber', 456) fold=5/5 train=2447 heldout=507
[AUTO-CV] cfg=(64, 0.1, 0.0003, 'huber', 789) fold=1/5 train=2701 heldout=253
[AUTO-CV] cfg=(64, 0.1, 0.0003, 'huber', 789) fold=2/5 train=2343 heldout=611
[AUTO-CV] cfg=(64, 0.1, 0.0003, 'huber', 789) fold=3/5 train=2152 heldout=802
[AUTO-CV] cfg=(64, 0.1, 0.0003, 'huber', 789) fold=4/5 train=2173 heldout=781
[AUTO-CV] cfg=(64, 0.1, 0.0003, 'huber', 789) fold=5/5 train=2447 heldout=507
[AUTO-CV] cfg=(64, 0.1, 0.0003, 'mse', 123) fold=1/5 train=2701 heldout=253
[AUTO-CV] cfg=(64, 0.1, 0.0003, 'mse', 123) fold=2/5 train=2343 heldout=611
[AUTO-CV] cfg=(64, 0.1, 0.0003, 'mse', 123) fold=3/5 train=2152 heldout=802
[AUTO-CV] cfg=(64, 0.1, 0.0003, 'mse', 123) fold=4/5 train=2173 heldout=781
[AUTO-CV] cfg=(64, 0.1, 0.0003, 'mse', 123) fold=5/5 train=2447 heldout=507
[AUTO-CV] cfg=(64, 0.1, 0.0003, 'mse', 456) fold=1/5 train=2701 heldout=253
[AUTO-CV] cfg=(64, 0.1, 0.0003, 'mse', 456) fold=2/5 train=2343 heldout=611
[AUTO-CV] cfg=(64, 0.1, 0.0003, 'mse', 456) fold=3/5 train=2152 heldout=802
[AUTO-CV] cfg=(64, 0.1, 0.0003, 'mse', 456) fold=4/5 train=2173 heldout=781
[AUTO-CV] cfg=(64, 0.1, 0.0003, 'mse', 456) fold=5/5 train=2447 heldout=507
[AUTO-CV] cfg=(64, 0.1, 0.0003, 'mse', 789) fold=1/5 train=2701 heldout=253
[AUTO-CV] cfg=(64, 0.1, 0.0003, 'mse', 789) fold=2/5 train=2343 heldout=611
[AUTO-CV] cfg=(64, 0.1, 0.0003, 'mse', 789) fold=3/5 train=2152 heldout=802
[AUTO-CV] cfg=(64, 0.1, 0.0003, 'mse', 789) fold=4/5 train=2173 heldout=781
[AUTO-CV] cfg=(64, 0.1, 0.0003, 'mse', 789) fold=5/5 train=2447 heldout=507
[AUTO-CV] cfg=(64, 0.1, 0.001, 'huber', 123) fold=1/5 train=2701 heldout=253
[AUTO-CV] cfg=(64, 0.1, 0.001, 'huber', 123) fold=2/5 train=2343 heldout=611
[AUTO-CV] cfg=(64, 0.1, 0.001, 'huber', 123) fold=3/5 train=2152 heldout=802
[AUTO-CV] cfg=(64, 0.1, 0.001, 'huber', 123) fold=4/5 train=2173 heldout=781
[AUTO-CV] cfg=(64, 0.1, 0.001, 'huber', 123) fold=5/5 train=2447 heldout=507
[AUTO-CV] cfg=(64, 0.1, 0.001, 'huber', 456) fold=1/5 train=2701 heldout=253
[AUTO-CV] cfg=(64, 0.1, 0.001, 'huber', 456) fold=2/5 train=2343 heldout=611
[AUTO-CV] cfg=(64, 0.1, 0.001, 'huber', 456) fold=3/5 train=2152 heldout=802
[AUTO-CV] cfg=(64, 0.1, 0.001, 'huber', 456) fold=4/5 train=2173 heldout=781
[AUTO-CV] cfg=(64, 0.1, 0.001, 'huber', 456) fold=5/5 train=2447 heldout=507
[AUTO-CV] cfg=(64, 0.1, 0.001, 'huber', 789) fold=1/5 train=2701 heldout=253
[AUTO-CV] cfg=(64, 0.1, 0.001, 'huber', 789) fold=2/5 train=2343 heldout=611
[AUTO-CV] cfg=(64, 0.1, 0.001, 'huber', 789) fold=3/5 train=2152 heldout=802
[AUTO-CV] cfg=(64, 0.1, 0.001, 'huber', 789) fold=4/5 train=2173 heldout=781
[AUTO-CV] cfg=(64, 0.1, 0.001, 'huber', 789) fold=5/5 train=2447 heldout=507
[AUTO-CV] cfg=(64, 0.1, 0.001, 'mse', 123) fold=1/5 train=2701 heldout=253
[AUTO-CV] cfg=(64, 0.1, 0.001, 'mse', 123) fold=2/5 train=2343 heldout=611
[AUTO-CV] cfg=(64, 0.1, 0.001, 'mse', 123) fold=3/5 train=2152 heldout=802
[AUTO-CV] cfg=(64, 0.1, 0.001, 'mse', 123) fold=4/5 train=2173 heldout=781
[AUTO-CV] cfg=(64, 0.1, 0.001, 'mse', 123) fold=5/5 train=2447 heldout=507
[AUTO-CV] cfg=(64, 0.1, 0.001, 'mse', 456) fold=1/5 train=2701 heldout=253
[AUTO-CV] cfg=(64, 0.1, 0.001, 'mse', 456) fold=2/5 train=2343 heldout=611
[AUTO-CV] cfg=(64, 0.1, 0.001, 'mse', 456) fold=3/5 train=2152 heldout=802
[AUTO-CV] cfg=(64, 0.1, 0.001, 'mse', 456) fold=4/5 train=2173 heldout=781
[AUTO-CV] cfg=(64, 0.1, 0.001, 'mse', 456) fold=5/5 train=2447 heldout=507
[AUTO-CV] cfg=(64, 0.1, 0.001, 'mse', 789) fold=1/5 train=2701 heldout=253
[AUTO-CV] cfg=(64, 0.1, 0.001, 'mse', 789) fold=2/5 train=2343 heldout=611
[AUTO-CV] cfg=(64, 0.1, 0.001, 'mse', 789) fold=3/5 train=2152 heldout=802
[AUTO-CV] cfg=(64, 0.1, 0.001, 'mse', 789) fold=4/5 train=2173 heldout=781
[AUTO-CV] cfg=(64, 0.1, 0.001, 'mse', 789) fold=5/5 train=2447 heldout=507
[AUTO-CV] cfg=(128, 0.0, 0.0003, 'huber', 123) fold=1/5 train=2701 heldout=253
[AUTO-CV] cfg=(128, 0.0, 0.0003, 'huber', 123) fold=2/5 train=2343 heldout=611
[AUTO-CV] cfg=(128, 0.0, 0.0003, 'huber', 123) fold=3/5 train=2152 heldout=802
[AUTO-CV] cfg=(128, 0.0, 0.0003, 'huber', 123) fold=4/5 train=2173 heldout=781
[AUTO-CV] cfg=(128, 0.0, 0.0003, 'huber', 123) fold=5/5 train=2447 heldout=507
[AUTO-CV] cfg=(128, 0.0, 0.0003, 'huber', 456) fold=1/5 train=2701 heldout=253
[AUTO-CV] cfg=(128, 0.0, 0.0003, 'huber', 456) fold=2/5 train=2343 heldout=611
[AUTO-CV] cfg=(128, 0.0, 0.0003, 'huber', 456) fold=3/5 train=2152 heldout=802
[AUTO-CV] cfg=(128, 0.0, 0.0003, 'huber', 456) fold=4/5 train=2173 heldout=781
[AUTO-CV] cfg=(128, 0.0, 0.0003, 'huber', 456) fold=5/5 train=2447 heldout=507
[AUTO-CV] cfg=(128, 0.0, 0.0003, 'huber', 789) fold=1/5 train=2701 heldout=253
[AUTO-CV] cfg=(128, 0.0, 0.0003, 'huber', 789) fold=2/5 train=2343 heldout=611
[AUTO-CV] cfg=(128, 0.0, 0.0003, 'huber', 789) fold=3/5 train=2152 heldout=802
[AUTO-CV] cfg=(128, 0.0, 0.0003, 'huber', 789) fold=4/5 train=2173 heldout=781
[AUTO-CV] cfg=(128, 0.0, 0.0003, 'huber', 789) fold=5/5 train=2447 heldout=507
[AUTO-CV] cfg=(128, 0.0, 0.0003, 'mse', 123) fold=1/5 train=2701 heldout=253
[AUTO-CV] cfg=(128, 0.0, 0.0003, 'mse', 123) fold=2/5 train=2343 heldout=611
[AUTO-CV] cfg=(128, 0.0, 0.0003, 'mse', 123) fold=3/5 train=2152 heldout=802
[AUTO-CV] cfg=(128, 0.0, 0.0003, 'mse', 123) fold=4/5 train=2173 heldout=781
[AUTO-CV] cfg=(128, 0.0, 0.0003, 'mse', 123) fold=5/5 train=2447 heldout=507
[AUTO-CV] cfg=(128, 0.0, 0.0003, 'mse', 456) fold=1/5 train=2701 heldout=253
[AUTO-CV] cfg=(128, 0.0, 0.0003, 'mse', 456) fold=2/5 train=2343 heldout=611
[AUTO-CV] cfg=(128, 0.0, 0.0003, 'mse', 456) fold=3/5 train=2152 heldout=802
[AUTO-CV] cfg=(128, 0.0, 0.0003, 'mse', 456) fold=4/5 train=2173 heldout=781
[AUTO-CV] cfg=(128, 0.0, 0.0003, 'mse', 456) fold=5/5 train=2447 heldout=507
[AUTO-CV] cfg=(128, 0.0, 0.0003, 'mse', 789) fold=1/5 train=2701 heldout=253
[AUTO-CV] cfg=(128, 0.0, 0.0003, 'mse', 789) fold=2/5 train=2343 heldout=611
[AUTO-CV] cfg=(128, 0.0, 0.0003, 'mse', 789) fold=3/5 train=2152 heldout=802
[AUTO-CV] cfg=(128, 0.0, 0.0003, 'mse', 789) fold=4/5 train=2173 heldout=781
[AUTO-CV] cfg=(128, 0.0, 0.0003, 'mse', 789) fold=5/5 train=2447 heldout=507
[AUTO-CV] cfg=(128, 0.0, 0.001, 'huber', 123) fold=1/5 train=2701 heldout=253
[AUTO-CV] cfg=(128, 0.0, 0.001, 'huber', 123) fold=2/5 train=2343 heldout=611
[AUTO-CV] cfg=(128, 0.0, 0.001, 'huber', 123) fold=3/5 train=2152 heldout=802
[AUTO-CV] cfg=(128, 0.0, 0.001, 'huber', 123) fold=4/5 train=2173 heldout=781
[AUTO-CV] cfg=(128, 0.0, 0.001, 'huber', 123) fold=5/5 train=2447 heldout=507
[AUTO-CV] cfg=(128, 0.0, 0.001, 'huber', 456) fold=1/5 train=2701 heldout=253
[AUTO-CV] cfg=(128, 0.0, 0.001, 'huber', 456) fold=2/5 train=2343 heldout=611
[AUTO-CV] cfg=(128, 0.0, 0.001, 'huber', 456) fold=3/5 train=2152 heldout=802
[AUTO-CV] cfg=(128, 0.0, 0.001, 'huber', 456) fold=4/5 train=2173 heldout=781
[AUTO-CV] cfg=(128, 0.0, 0.001, 'huber', 456) fold=5/5 train=2447 heldout=507
[AUTO-CV] cfg=(128, 0.0, 0.001, 'huber', 789) fold=1/5 train=2701 heldout=253
[AUTO-CV] cfg=(128, 0.0, 0.001, 'huber', 789) fold=2/5 train=2343 heldout=611
[AUTO-CV] cfg=(128, 0.0, 0.001, 'huber', 789) fold=3/5 train=2152 heldout=802
[AUTO-CV] cfg=(128, 0.0, 0.001, 'huber', 789) fold=4/5 train=2173 heldout=781
[AUTO-CV] cfg=(128, 0.0, 0.001, 'huber', 789) fold=5/5 train=2447 heldout=507
[AUTO-CV] cfg=(128, 0.0, 0.001, 'mse', 123) fold=1/5 train=2701 heldout=253
[AUTO-CV] cfg=(128, 0.0, 0.001, 'mse', 123) fold=2/5 train=2343 heldout=611
[AUTO-CV] cfg=(128, 0.0, 0.001, 'mse', 123) fold=3/5 train=2152 heldout=802
[AUTO-CV] cfg=(128, 0.0, 0.001, 'mse', 123) fold=4/5 train=2173 heldout=781
[AUTO-CV] cfg=(128, 0.0, 0.001, 'mse', 123) fold=5/5 train=2447 heldout=507
[AUTO-CV] cfg=(128, 0.0, 0.001, 'mse', 456) fold=1/5 train=2701 heldout=253
[AUTO-CV] cfg=(128, 0.0, 0.001, 'mse', 456) fold=2/5 train=2343 heldout=611
[AUTO-CV] cfg=(128, 0.0, 0.001, 'mse', 456) fold=3/5 train=2152 heldout=802
[AUTO-CV] cfg=(128, 0.0, 0.001, 'mse', 456) fold=4/5 train=2173 heldout=781
[AUTO-CV] cfg=(128, 0.0, 0.001, 'mse', 456) fold=5/5 train=2447 heldout=507
[AUTO-CV] cfg=(128, 0.0, 0.001, 'mse', 789) fold=1/5 train=2701 heldout=253
[AUTO-CV] cfg=(128, 0.0, 0.001, 'mse', 789) fold=2/5 train=2343 heldout=611
[AUTO-CV] cfg=(128, 0.0, 0.001, 'mse', 789) fold=3/5 train=2152 heldout=802
[AUTO-CV] cfg=(128, 0.0, 0.001, 'mse', 789) fold=4/5 train=2173 heldout=781
[AUTO-CV] cfg=(128, 0.0, 0.001, 'mse', 789) fold=5/5 train=2447 heldout=507
[AUTO-CV] cfg=(128, 0.1, 0.0003, 'huber', 123) fold=1/5 train=2701 heldout=253
[AUTO-CV] cfg=(128, 0.1, 0.0003, 'huber', 123) fold=2/5 train=2343 heldout=611
[AUTO-CV] cfg=(128, 0.1, 0.0003, 'huber', 123) fold=3/5 train=2152 heldout=802
[AUTO-CV] cfg=(128, 0.1, 0.0003, 'huber', 123) fold=4/5 train=2173 heldout=781
[AUTO-CV] cfg=(128, 0.1, 0.0003, 'huber', 123) fold=5/5 train=2447 heldout=507
[AUTO-CV] cfg=(128, 0.1, 0.0003, 'huber', 456) fold=1/5 train=2701 heldout=253
[AUTO-CV] cfg=(128, 0.1, 0.0003, 'huber', 456) fold=2/5 train=2343 heldout=611
[AUTO-CV] cfg=(128, 0.1, 0.0003, 'huber', 456) fold=3/5 train=2152 heldout=802
[AUTO-CV] cfg=(128, 0.1, 0.0003, 'huber', 456) fold=4/5 train=2173 heldout=781
[AUTO-CV] cfg=(128, 0.1, 0.0003, 'huber', 456) fold=5/5 train=2447 heldout=507
[AUTO-CV] cfg=(128, 0.1, 0.0003, 'huber', 789) fold=1/5 train=2701 heldout=253
[AUTO-CV] cfg=(128, 0.1, 0.0003, 'huber', 789) fold=2/5 train=2343 heldout=611
[AUTO-CV] cfg=(128, 0.1, 0.0003, 'huber', 789) fold=3/5 train=2152 heldout=802
[AUTO-CV] cfg=(128, 0.1, 0.0003, 'huber', 789) fold=4/5 train=2173 heldout=781
[AUTO-CV] cfg=(128, 0.1, 0.0003, 'huber', 789) fold=5/5 train=2447 heldout=507
[AUTO-CV] cfg=(128, 0.1, 0.0003, 'mse', 123) fold=1/5 train=2701 heldout=253
[AUTO-CV] cfg=(128, 0.1, 0.0003, 'mse', 123) fold=2/5 train=2343 heldout=611
[AUTO-CV] cfg=(128, 0.1, 0.0003, 'mse', 123) fold=3/5 train=2152 heldout=802
[AUTO-CV] cfg=(128, 0.1, 0.0003, 'mse', 123) fold=4/5 train=2173 heldout=781
[AUTO-CV] cfg=(128, 0.1, 0.0003, 'mse', 123) fold=5/5 train=2447 heldout=507
[AUTO-CV] cfg=(128, 0.1, 0.0003, 'mse', 456) fold=1/5 train=2701 heldout=253
[AUTO-CV] cfg=(128, 0.1, 0.0003, 'mse', 456) fold=2/5 train=2343 heldout=611
[AUTO-CV] cfg=(128, 0.1, 0.0003, 'mse', 456) fold=3/5 train=2152 heldout=802
[AUTO-CV] cfg=(128, 0.1, 0.0003, 'mse', 456) fold=4/5 train=2173 heldout=781
[AUTO-CV] cfg=(128, 0.1, 0.0003, 'mse', 456) fold=5/5 train=2447 heldout=507
[AUTO-CV] cfg=(128, 0.1, 0.0003, 'mse', 789) fold=1/5 train=2701 heldout=253
[AUTO-CV] cfg=(128, 0.1, 0.0003, 'mse', 789) fold=2/5 train=2343 heldout=611
[AUTO-CV] cfg=(128, 0.1, 0.0003, 'mse', 789) fold=3/5 train=2152 heldout=802
[AUTO-CV] cfg=(128, 0.1, 0.0003, 'mse', 789) fold=4/5 train=2173 heldout=781
[AUTO-CV] cfg=(128, 0.1, 0.0003, 'mse', 789) fold=5/5 train=2447 heldout=507
[AUTO-CV] cfg=(128, 0.1, 0.001, 'huber', 123) fold=1/5 train=2701 heldout=253
[AUTO-CV] cfg=(128, 0.1, 0.001, 'huber', 123) fold=2/5 train=2343 heldout=611
[AUTO-CV] cfg=(128, 0.1, 0.001, 'huber', 123) fold=3/5 train=2152 heldout=802
[AUTO-CV] cfg=(128, 0.1, 0.001, 'huber', 123) fold=4/5 train=2173 heldout=781
[AUTO-CV] cfg=(128, 0.1, 0.001, 'huber', 123) fold=5/5 train=2447 heldout=507
[AUTO-CV] cfg=(128, 0.1, 0.001, 'huber', 456) fold=1/5 train=2701 heldout=253
[AUTO-CV] cfg=(128, 0.1, 0.001, 'huber', 456) fold=2/5 train=2343 heldout=611
[AUTO-CV] cfg=(128, 0.1, 0.001, 'huber', 456) fold=3/5 train=2152 heldout=802
[AUTO-CV] cfg=(128, 0.1, 0.001, 'huber', 456) fold=4/5 train=2173 heldout=781
[AUTO-CV] cfg=(128, 0.1, 0.001, 'huber', 456) fold=5/5 train=2447 heldout=507
[AUTO-CV] cfg=(128, 0.1, 0.001, 'huber', 789) fold=1/5 train=2701 heldout=253
[AUTO-CV] cfg=(128, 0.1, 0.001, 'huber', 789) fold=2/5 train=2343 heldout=611
[AUTO-CV] cfg=(128, 0.1, 0.001, 'huber', 789) fold=3/5 train=2152 heldout=802
[AUTO-CV] cfg=(128, 0.1, 0.001, 'huber', 789) fold=4/5 train=2173 heldout=781
[AUTO-CV] cfg=(128, 0.1, 0.001, 'huber', 789) fold=5/5 train=2447 heldout=507
[AUTO-CV] cfg=(128, 0.1, 0.001, 'mse', 123) fold=1/5 train=2701 heldout=253
[AUTO-CV] cfg=(128, 0.1, 0.001, 'mse', 123) fold=2/5 train=2343 heldout=611
[AUTO-CV] cfg=(128, 0.1, 0.001, 'mse', 123) fold=3/5 train=2152 heldout=802
[AUTO-CV] cfg=(128, 0.1, 0.001, 'mse', 123) fold=4/5 train=2173 heldout=781
[AUTO-CV] cfg=(128, 0.1, 0.001, 'mse', 123) fold=5/5 train=2447 heldout=507
[AUTO-CV] cfg=(128, 0.1, 0.001, 'mse', 456) fold=1/5 train=2701 heldout=253
[AUTO-CV] cfg=(128, 0.1, 0.001, 'mse', 456) fold=2/5 train=2343 heldout=611
[AUTO-CV] cfg=(128, 0.1, 0.001, 'mse', 456) fold=3/5 train=2152 heldout=802
[AUTO-CV] cfg=(128, 0.1, 0.001, 'mse', 456) fold=4/5 train=2173 heldout=781
[AUTO-CV] cfg=(128, 0.1, 0.001, 'mse', 456) fold=5/5 train=2447 heldout=507
[AUTO-CV] cfg=(128, 0.1, 0.001, 'mse', 789) fold=1/5 train=2701 heldout=253
[AUTO-CV] cfg=(128, 0.1, 0.001, 'mse', 789) fold=2/5 train=2343 heldout=611
[AUTO-CV] cfg=(128, 0.1, 0.001, 'mse', 789) fold=3/5 train=2152 heldout=802
[AUTO-CV] cfg=(128, 0.1, 0.001, 'mse', 789) fold=4/5 train=2173 heldout=781
[AUTO-CV] cfg=(128, 0.1, 0.001, 'mse', 789) fold=5/5 train=2447 heldout=507
{
  "hidden_dim": 128,
  "dropout": 0.1,
  "learning_rate": 0.001,
  "loss": "huber",
  "seed": 789,
  "switch_threshold": 0,
  "macro_regret": 1.5986352018368466,
  "p90_regret": 1.1002709865570068,
  "selection_metric": 1.8737029484760983,
  "oof_count": 2954,
  "kernel_device_groups": 99
}
