mlir_graph_gen.py: error: cgeist failed while translating the kernel.
Command: /home/elvouvali/tools/Polygeist/build-mailohls-assertions/bin/cgeist knn.cpp --force-attribute=compute:noinline --force-attribute=load:noinline --force-attribute=store:noinline -function=workload -S -O0 -scal-rep=0 -mailohls-action-manifest=/tmp/mailohls_mlir_sd5ct6dd/actions.tsv -print-debug-info -memref-fullrank -raise-scf-to-affine -o /tmp/mailohls_mlir_sd5ct6dd/knn.hls.mlir
Diagnostics:
cgeist: /home/elvouvali/tools/Polygeist/lib/polygeist/Passes/PolygeistMem2Reg.cpp:1692: bool {anonymous}::PolygeistMem2Reg::forwardStoreToLoad(mlir::Value, std::vector<Offset>, llvm::SmallVectorImpl<mlir::Operation*>&, mlir::DenseMap<mlir::Operation*, llvm::SmallVector<mlir::Operation*> >&): Assertion `val.getType() == elType' failed.
PLEASE submit a bug report to https://github.com/llvm/llvm-project/issues/ and include the crash backtrace.
Stack dump:
0.	Program arguments: /home/elvouvali/tools/Polygeist/build-mailohls-assertions/bin/cgeist knn.cpp --force-attribute=compute:noinline --force-attribute=load:noinline --force-attribute=store:noinline -function=workload -S -O0 -scal-rep=0 -mailohls-action-manifest=/tmp/mailohls_mlir_sd5ct6dd/actions.tsv -print-debug-info -memref-fullrank -raise-scf-to-affine -o /tmp/mailohls_mlir_sd5ct6dd/knn.hls.mlir
 #0 0x000055f2f783561f llvm::sys::PrintStackTrace(llvm::raw_ostream&, int) (/home/elvouvali/tools/Polygeist/build-mailohls-assertions/bin/cgeist+0x1bc861f)
 #1 0x000055f2f7832ca4 SignalHandler(int) Signals.cpp:0:0
 #2 0x00007f0381dfd420 __restore_rt (/lib/x86_64-linux-gnu/libpthread.so.0+0x14420)
 #3 0x00007f038189a00b raise /build/glibc-FcRMwW/glibc-2.31/signal/../sysdeps/unix/sysv/linux/raise.c:51:1
 #4 0x00007f0381879859 abort /build/glibc-FcRMwW/glibc-2.31/stdlib/abort.c:81:7
 #5 0x00007f0381879729 get_sysdep_segment_value /build/glibc-FcRMwW/glibc-2.31/intl/loadmsgcat.c:509:8
 #6 0x00007f0381879729 _nl_load_domain /build/glibc-FcRMwW/glibc-2.31/intl/loadmsgcat.c:970:34
 #7 0x00007f038188afd6 (/lib/x86_64-linux-gnu/libc.so.6+0x33fd6)
 #8 0x000055f2f7acc805 (anonymous namespace)::PolygeistMem2Reg::forwardStoreToLoad(mlir::Value, std::vector<Offset, std::allocator<Offset>>, llvm::SmallVectorImpl<mlir::Operation*>&, llvm::DenseMap<mlir::Operation*, llvm::SmallVector<mlir::Operation*, 6u>, llvm::DenseMapInfo<mlir::Operation*, void>, llvm::detail::DenseMapPair<mlir::Operation*, llvm::SmallVector<mlir::Operation*, 6u>>>&) (.isra.0) PolygeistMem2Reg.cpp:0:0
 #9 0x000055f2f7acee31 (anonymous namespace)::PolygeistMem2Reg::runOnOperation() PolygeistMem2Reg.cpp:0:0
#10 0x000055f2f82cc28e mlir::detail::OpToOpPassAdaptor::run(mlir::Pass*, mlir::Operation*, mlir::AnalysisManager, bool, unsigned int) (/home/elvouvali/tools/Polygeist/build-mailohls-assertions/bin/cgeist+0x265f28e)
#11 0x000055f2f82cc76a mlir::detail::OpToOpPassAdaptor::runPipeline(mlir::OpPassManager&, mlir::Operation*, mlir::AnalysisManager, bool, unsigned int, mlir::PassInstrumentor*, mlir::PassInstrumentation::PipelineParentInfo const*) (/home/elvouvali/tools/Polygeist/build-mailohls-assertions/bin/cgeist+0x265f76a)
#12 0x000055f2f82cd59b mlir::detail::OpToOpPassAdaptor::runOnOperationImpl(bool) (/home/elvouvali/tools/Polygeist/build-mailohls-assertions/bin/cgeist+0x266059b)
#13 0x000055f2f82cc02a mlir::detail::OpToOpPassAdaptor::run(mlir::Pass*, mlir::Operation*, mlir::AnalysisManager, bool, unsigned int) (/home/elvouvali/tools/Polygeist/build-mailohls-assertions/bin/cgeist+0x265f02a)
#14 0x000055f2f82cc76a mlir::detail::OpToOpPassAdaptor::runPipeline(mlir::OpPassManager&, mlir::Operation*, mlir::AnalysisManager, bool, unsigned int, mlir::PassInstrumentor*, mlir::PassInstrumentation::PipelineParentInfo const*) (/home/elvouvali/tools/Polygeist/build-mailohls-assertions/bin/cgeist+0x265f76a)
#15 0x000055f2f82ccf94 mlir::PassManager::run(mlir::Operation*) (/home/elvouvali/tools/Polygeist/build-mailohls-assertions/bin/cgeist+0x265ff94)
#16 0x000055f2f643c466 main (/home/elvouvali/tools/Polygeist/build-mailohls-assertions/bin/cgeist+0x7cf466)
#17 0x00007f038187b083 __libc_start_main /build/glibc-FcRMwW/glibc-2.31/csu/../csu/libc-start.c:342:3
#18 0x000055f2f64eaf1e _start (/home/elvouvali/tools/Polygeist/build-mailohls-assertions/bin/cgeist+0x87df1e)
