[DOMAINS] source-derived missing evaluation registries: serrano_kalman_filter
Loading checkpoint shards:   0%|          | 0/2 [00:00<?, ?it/s]Loading checkpoint shards:  50%|█████     | 1/2 [00:36<00:36, 36.92s/it]Loading checkpoint shards: 100%|██████████| 2/2 [00:49<00:00, 22.60s/it]Loading checkpoint shards: 100%|██████████| 2/2 [00:49<00:00, 24.75s/it]
[ADAPTER] loaded clean PEFT adapter from: mailohls_runs/stage1_adp_budget_responsive_s123/best_custom_stage1
[CASE 1/18] kernel=serrano-kalman-filter obj=PARETO_ADP
[CASE 2/18] kernel=serrano-kalman-filter obj=PARETO_ADP
[CASE 3/18] kernel=serrano-kalman-filter obj=PARETO_ADP
[CASE 4/18] kernel=serrano-kalman-filter obj=PARETO_ADP
[CASE 5/18] kernel=serrano-kalman-filter obj=PARETO_ADP
[CASE 6/18] kernel=serrano-kalman-filter obj=PARETO_ADP
[CASE 7/18] kernel=serrano-kalman-filter obj=PARETO_ADP
[CASE 8/18] kernel=serrano-kalman-filter obj=PARETO_ADP
[CASE 9/18] kernel=serrano-kalman-filter obj=PARETO_ADP
[CASE 10/18] kernel=serrano-kalman-filter obj=PARETO_ADP
[CASE 11/18] kernel=serrano-kalman-filter obj=PARETO_ADP
[CASE 12/18] kernel=serrano-kalman-filter obj=PARETO_ADP
[CASE 13/18] kernel=serrano-kalman-filter obj=PARETO_ADP
[CASE 14/18] kernel=serrano-kalman-filter obj=PARETO_ADP
[CASE 15/18] kernel=serrano-kalman-filter obj=PARETO_ADP
[CASE 16/18] kernel=serrano-kalman-filter obj=PARETO_ADP
[CASE 17/18] kernel=serrano-kalman-filter obj=PARETO_ADP
[CASE 18/18] kernel=serrano-kalman-filter obj=PARETO_ADP
[DONE] wrote JSONL -> asplos_results/target_awareness_stage1_adp_s123/new_stage1_kalman18.jsonl
